2026-05-08 09:00:01 INFO User login successful
2026-05-08 09:01:14 INFO Dashboard loaded
2026-05-08 09:02:33 WARNING High memory usage detected
2026-05-08 09:03:55 ERROR Database connection timeout
2026-05-08 09:05:10 INFO API request completed
2026-05-08 09:06:20 ERROR Payment gateway failure
2026-05-08 09:07:44 INFO Cache refreshed
2026-05-08 09:08:15 WARNING Disk usage above threshold
2026-05-08 09:09:59 ERROR Failed to fetch customer details
2026-05-08 09:10:21 INFO User profile updated
2026-05-08 10:00:12 INFO User login successful
2026-05-08 10:01:48 INFO Session token generated
2026-05-08 10:03:17 ERROR Database connection timeout
2026-05-08 10:04:26 ERROR Database connection timeout
2026-05-08 10:05:49 WARNING Slow API response detected
2026-05-08 10:07:33 INFO Inventory synced
2026-05-08 10:08:41 ERROR Order service unavailable
2026-05-08 10:09:10 INFO Product page viewed
2026-05-08 10:10:58 WARNING CPU usage above 85 percent
2026-05-08 10:11:45 INFO Notification email sent
2026-05-08 11:00:02 INFO User login successful
2026-05-08 11:01:11 INFO Dashboard loaded
2026-05-08 11:02:50 ERROR Failed to fetch customer details
2026-05-08 11:03:27 ERROR Failed to fetch customer details
2026-05-08 11:04:45 WARNING Redis latency high
2026-05-08 11:05:36 INFO Background scheduler started
2026-05-08 11:06:59 ERROR API authentication failed
2026-05-08 11:07:48 INFO User preferences saved
2026-05-08 11:08:21 WARNING Memory spike detected
2026-05-08 11:09:39 INFO Report generation completed
2026-05-08 12:00:14 INFO User logout successful
2026-05-08 12:01:26 WARNING Disk usage above threshold
2026-05-08 12:02:35 ERROR Payment gateway failure
2026-05-08 12:03:49 ERROR Payment gateway failure
2026-05-08 12:04:55 INFO Product inventory updated
2026-05-08 12:05:18 INFO API request completed
2026-05-08 12:06:43 WARNING Slow database query detected
2026-05-08 12:07:57 ERROR Database replication lag
2026-05-08 12:08:31 INFO User password changed
2026-05-08 12:09:22 INFO Analytics dashboard refreshed
2026-05-08 13:00:05 INFO User login successful
2026-05-08 13:01:33 ERROR API authentication failed
2026-05-08 13:02:40 ERROR API authentication failed
2026-05-08 13:03:28 WARNING CPU temperature high
2026-05-08 13:04:19 INFO Session token generated
2026-05-08 13:05:55 INFO User profile updated
2026-05-08 13:06:17 ERROR Notification service unavailable
2026-05-08 13:07:42 WARNING Excessive retry attempts detected
2026-05-08 13:08:30 INFO Product page viewed
2026-05-08 13:09:58 INFO Order placed successfully
2026-05-08 14:00:10 INFO Dashboard loaded
2026-05-08 14:01:37 ERROR Database connection timeout
2026-05-08 14:02:41 WARNING Redis latency high
2026-05-08 14:03:56 INFO User login successful
2026-05-08 14:04:44 INFO Cache refreshed
2026-05-08 14:05:22 ERROR Failed to fetch customer details
2026-05-08 14:06:59 ERROR Failed to fetch customer details
2026-05-08 14:07:40 WARNING Disk usage above threshold
2026-05-08 14:08:28 INFO Report generation completed
2026-05-08 14:09:15 INFO Analytics dashboard refreshed
2026-05-08 15:00:03 INFO User login successful
2026-05-08 15:01:24 WARNING High memory usage detected
2026-05-08 15:02:46 ERROR Payment gateway failure
2026-05-08 15:03:39 INFO Product inventory updated
2026-05-08 15:04:57 INFO API request completed
2026-05-08 15:05:11 ERROR Database replication lag
2026-05-08 15:06:29 WARNING CPU usage above 85 percent
2026-05-08 15:07:35 INFO Session token generated
2026-05-08 15:08:52 ERROR Notification service unavailable
2026-05-08 15:09:49 INFO User logout successful
2026-05-08 16:00:07 INFO Dashboard loaded
2026-05-08 16:01:16 ERROR Order service unavailable
2026-05-08 16:02:38 WARNING Slow API response detected
2026-05-08 16:03:41 INFO Cache refreshed
2026-05-08 16:04:58 ERROR API authentication failed
2026-05-08 16:05:30 INFO Background scheduler started
2026-05-08 16:06:55 WARNING Memory spike detected
2026-05-08 16:07:44 ERROR Database connection timeout
2026-05-08 16:08:17 INFO Product page viewed
2026-05-08 16:09:50 INFO Notification email sent
2026-05-08 17:00:02 INFO User login successful
2026-05-08 17:01:18 WARNING Redis latency high
2026-05-08 17:02:45 ERROR Failed to fetch customer details
2026-05-08 17:03:29 INFO User profile updated
2026-05-08 17:04:36 ERROR Payment gateway failure
2026-05-08 17:05:58 INFO Analytics dashboard refreshed
2026-05-08 17:06:42 WARNING Disk usage above threshold
2026-05-08 17:07:13 ERROR Notification service unavailable
2026-05-08 17:08:24 INFO Session token generated
2026-05-08 17:09:57 INFO Report generation completed